// Jest Snapshot v1, https://goo.gl/fbAQLP

exports[`PopupMenu renders correctly when closed 1`] = `
<DocumentFragment>
  <div
    class="relative inline-block"
  >
    <div
      class="cursor-pointer"
    >
      <button>
        Toggle
      </button>
    </div>
  </div>
</DocumentFragment>
`;

exports[`PopupMenu renders correctly when open 1`] = `
<DocumentFragment>
  <div
    class="relative inline-block"
  >
    <div
      class="cursor-pointer"
    >
      <button>
        Toggle
      </button>
    </div>
  </div>
</DocumentFragment>
`;
