// Jest Snapshot v1, https://goo.gl/fbAQLP

exports[`VaultActionsPopupContent renders correctly and matches snapshot 1`] = `
<div>
  <div
    class="border-grey100-mode1 bg-grey400-mode1 font-inter absolute flex flex-col items-start gap-1 overflow-hidden rounded-xl border p-2 text-xs"
  >
    <div
      aria-disabled="false"
      class="text-white-mode1 flex w-full cursor-pointer items-center justify-between break-keep whitespace-nowrap"
      role="menuitem"
      style="cursor: pointer; opacity: 1;"
    >
      <div
        class="flex items-center gap-1"
      >
        <div
          data-testid="edit-icon"
        />
        Edit
      </div>
    </div>
    <div
      aria-disabled="false"
      class="text-white-mode1 flex w-full cursor-pointer items-center justify-between break-keep whitespace-nowrap"
      role="menuitem"
      style="cursor: pointer; opacity: 1;"
    >
      <div
        class="flex items-center gap-1"
      >
        <div
          data-testid="delete-icon"
        />
        Delete
      </div>
    </div>
  </div>
</div>
`;
