// Jest Snapshot v1, https://goo.gl/fbAQLP

exports[`PairingRequiredModalContentV2 - snapshot renders master password form when token is present 1`] = `
<div>
  <div
    class="bg-surface-primary flex h-full w-full items-center justify-center overflow-hidden"
  >
    <form
      class="flex w-full max-w-[500px] flex-col gap-[var(--spacing24)] p-[12px]"
    >
      <header
        class="flex flex-col items-center gap-[var(--spacing6)] text-center"
      >
        <h1>
          Enter Your Master Password
        </h1>
        <p>
          Please enter your master password to open the browser extension
        </p>
      </header>
      <input
        aria-label="Password"
        data-testid="pairing-password-input"
        value=""
      />
      <div
        class="flex justify-end"
      >
        <button
          disabled=""
        >
          Continue
        </button>
      </div>
    </form>
  </div>
</div>
`;
